<html>
<body>
<pre>
<h1>µVision Build Log</h1>
<h2>Tool Versions:</h2>
IDE-Version: ¦ÌVision V5.43.1.0
Copyright (C) 2025 ARM Ltd and ARM Germany GmbH. All rights reserved.
License Information: Z bboss, shu, LIC=NQQMA-1Q696-12KLE-5BK04-BLK2B-B1CEI
 
Tool Versions:
Toolchain:       MDK-ARM Plus  Version: 5.43.0.0
Toolchain Path:  D:\Keil_v5\ARM\ARMCC\Bin
C Compiler:      Armcc.exe V5.06 update 5 (build 528)
Assembler:       Armasm.exe V5.06 update 5 (build 528)
Linker/Locator:  ArmLink.exe V5.06 update 5 (build 528)
Library Manager: ArmAr.exe V5.06 update 5 (build 528)
Hex Converter:   FromElf.exe V5.06 update 5 (build 528)
CPU DLL:         SARMCM3.DLL V5.43.0.0
Dialog DLL:      DCM.DLL V1.17.5.0
Target DLL:      Segger\JL2CM3.dll V2.99.45.0
Dialog DLL:      TCM.DLL V1.56.6.0
 
<h2>Project:</h2>
C:\Users\bboss\Desktop\stm32project\oscilloscope\MDK-ARM\oscilloscope.uvprojx
Project File Date:  11/07/2025

<h2>Output:</h2>
*** Using Compiler 'V5.06 update 5 (build 528)', folder: 'D:\Keil_v5\ARM\ARMCC\Bin'
Rebuild target 'oscilloscope'
compiling gpio.c...
assembling startup_stm32f103xb.s...
compiling font.c...
compiling FFT.c...
compiling stm32f1xx_hal_rcc.c...
compiling boot_animation.c...
compiling tim.c...
compiling stm32f1xx_hal_gpio_ex.c...
compiling sw_i2c.c...
compiling stm32f1xx_hal_adc_ex.c...
compiling stm32f1xx_hal.c...
compiling stm32f1xx_hal_pwr.c...
compiling oled.c...
compiling stm32f1xx_it.c...
compiling app_drivers.c...
compiling stm32f1xx_hal_exti.c...
compiling key_control.c...
compiling stm32f1xx_hal_rcc_ex.c...
compiling stm32f1xx_hal_flash_ex.c...
compiling stm32f1xx_hal_tim_ex.c...
compiling dma.c...
compiling stm32f1xx_hal_msp.c...
compiling stm32f1xx_hal_cortex.c...
compiling aht20.c...
compiling system_stm32f1xx.c...
compiling adc.c...
compiling stm32f1xx_hal_gpio.c...
compiling main.c...
../Core/Src/main.c(130): warning:  #870-D: invalid multibyte character sequence
              sprintf(message1,"å®¤æ¸© : %.1f â„? ",envtemperature);
../Core/Src/main.c: 1 warning, 0 errors
compiling stm32f1xx_hal_flash.c...
compiling stm32f1xx_hal_dma.c...
compiling stm32f1xx_hal_tim.c...
compiling app_main.c...
compiling stm32f1xx_hal_adc.c...
linking...
Program Size: Code=32126 RO-data=8954 RW-data=80 ZI-data=6776  
FromELF: creating hex file...
"oscilloscope\oscilloscope.axf" - 0 Error(s), 1 Warning(s).

<h2>Software Packages used:</h2>

Package Vendor: ARM
                https://www.keil.com/pack/ARM.CMSIS.6.2.0.pack
                ARM::CMSIS@6.2.0
                CMSIS (Common Microcontroller Software Interface Standard)
   * Component: CORE Version: 6.1.1

Package Vendor: Keil
                https://www.keil.com/pack/Keil.STM32F1xx_DFP.2.4.1.pack
                Keil::STM32F1xx_DFP@2.4.1
                STMicroelectronics STM32F1 Series Device Support, Drivers and Examples

<h2>Collection of Component include folders:</h2>
  ./RTE/_oscilloscope
  D:/Keil_v5/ARM/PACK/ARM/CMSIS/6.2.0/CMSIS/Core/Include
  D:/Keil_v5/ARM/PACK/Keil/STM32F1xx_DFP/2.4.1/Device/Include

<h2>Collection of Component Files used:</h2>

   * Component: ARM::CMSIS:CORE@6.1.1
Build Time Elapsed:  00:00:03
</pre>
</body>
</html>
